// Jest Snapshot v1, https://goo.gl/fbAQLP

exports[`App rendering renders Calculator 1`] = `
Array [
  <h1
    className="heading"
  >
    <span>
      Calc
    </span>
    ulator
  </h1>,
  <div
    className="calculator"
  >
    <div
      className="output"
    >
      <span
        className="previous-operand"
      />
      <p
        className="current-operand"
        data-testid="current-result"
      >
        0
      </p>
    </div>
    <button
      className="action span-two"
      onClick={[Function]}
    >
      AC
    </button>
    <button
      className="action undefined"
      onClick={[Function]}
    >
      DEL
    </button>
    <button
      className="operator"
      onClick={[Function]}
    >
      ÷
    </button>
    <button
      onClick={[Function]}
    >
      1
    </button>
    <button
      onClick={[Function]}
    >
      2
    </button>
    <button
      onClick={[Function]}
    >
      3
    </button>
    <button
      className="operator"
      onClick={[Function]}
    >
      x
    </button>
    <button
      onClick={[Function]}
    >
      4
    </button>
    <button
      onClick={[Function]}
    >
      5
    </button>
    <button
      onClick={[Function]}
    >
      6
    </button>
    <button
      className="operator"
      onClick={[Function]}
    >
      +
    </button>
    <button
      onClick={[Function]}
    >
      7
    </button>
    <button
      onClick={[Function]}
    >
      8
    </button>
    <button
      onClick={[Function]}
    >
      9
    </button>
    <button
      className="operator"
      onClick={[Function]}
    >
      -
    </button>
    <button
      onClick={[Function]}
    >
      0
    </button>
    <button
      onClick={[Function]}
    >
      .
    </button>
    <button
      className="action span-two operator"
      onClick={[Function]}
    >
      =
    </button>
  </div>,
  <footer
    className="footer"
  >
    <span>
      © 2023 Arkadiusz Sroczyk.
    </span>
  </footer>,
]
`;

exports[`App renders Calculator 1`] = `
Array [
  <h1
    className="heading"
  >
    <span>
      Calc
    </span>
    ulator
  </h1>,
  <div
    className="calculator"
  >
    <div
      className="output"
    >
      <span
        className="previous-operand"
      />
      <p
        className="current-operand"
        data-testid="current-result"
      >
        0
      </p>
    </div>
    <button
      className="action span-two"
      onClick={[Function]}
    >
      AC
    </button>
    <button
      className="action undefined"
      onClick={[Function]}
    >
      DEL
    </button>
    <button
      className="operator"
      onClick={[Function]}
    >
      ÷
    </button>
    <button
      onClick={[Function]}
    >
      1
    </button>
    <button
      onClick={[Function]}
    >
      2
    </button>
    <button
      onClick={[Function]}
    >
      3
    </button>
    <button
      className="operator"
      onClick={[Function]}
    >
      x
    </button>
    <button
      onClick={[Function]}
    >
      4
    </button>
    <button
      onClick={[Function]}
    >
      5
    </button>
    <button
      onClick={[Function]}
    >
      6
    </button>
    <button
      className="operator"
      onClick={[Function]}
    >
      +
    </button>
    <button
      onClick={[Function]}
    >
      7
    </button>
    <button
      onClick={[Function]}
    >
      8
    </button>
    <button
      onClick={[Function]}
    >
      9
    </button>
    <button
      className="operator"
      onClick={[Function]}
    >
      -
    </button>
    <button
      onClick={[Function]}
    >
      0
    </button>
    <button
      onClick={[Function]}
    >
      .
    </button>
    <button
      className="action span-two operator"
      onClick={[Function]}
    >
      =
    </button>
  </div>,
  <footer
    className="footer"
  >
    <span>
      © 2023 Arkadiusz Sroczyk.
    </span>
  </footer>,
]
`;
